19:23:08 **** Incremental Build of configuration Debug for project LEDtesting ****
make -j4 all 
arm-none-eabi-gcc "../Core/Src/main.c" -mcpu=cortex-m3 -std=gnu11 -g3 -DDEBUG -DUSE_HAL_DRIVER -DSTM32F103xB -c -I../Core/Inc -I../Drivers/STM32F1xx_HAL_Driver/Inc/Legacy -I../Drivers/STM32F1xx_HAL_Driver/Inc -I../Drivers/CMSIS/Device/ST/STM32F1xx/Include -I../Drivers/CMSIS/Include -O0 -ffunction-sections -fdata-sections -Wall -fstack-usage -MMD -MP -MF"Core/Src/main.d" -MT"Core/Src/main.o" --specs=nano.specs -mfloat-abi=soft -mthumb -o "Core/Src/main.o"
arm-none-eabi-gcc "../Core/Src/stm32f1xx_it.c" -mcpu=cortex-m3 -std=gnu11 -g3 -DDEBUG -DUSE_HAL_DRIVER -DSTM32F103xB -c -I../Core/Inc -I../Drivers/STM32F1xx_HAL_Driver/Inc/Legacy -I../Drivers/STM32F1xx_HAL_Driver/Inc -I../Drivers/CMSIS/Device/ST/STM32F1xx/Include -I../Drivers/CMSIS/Include -O0 -ffunction-sections -fdata-sections -Wall -fstack-usage -MMD -MP -MF"Core/Src/stm32f1xx_it.d" -MT"Core/Src/stm32f1xx_it.o" --specs=nano.specs -mfloat-abi=soft -mthumb -o "Core/Src/stm32f1xx_it.o"
arm-none-eabi-gcc "../Core/Src/system_stm32f1xx.c" -mcpu=cortex-m3 -std=gnu11 -g3 -DDEBUG -DUSE_HAL_DRIVER -DSTM32F103xB -c -I../Core/Inc -I../Drivers/STM32F1xx_HAL_Driver/Inc/Legacy -I../Drivers/STM32F1xx_HAL_Driver/Inc -I../Drivers/CMSIS/Device/ST/STM32F1xx/Include -I../Drivers/CMSIS/Include -O0 -ffunction-sections -fdata-sections -Wall -fstack-usage -MMD -MP -MF"Core/Src/system_stm32f1xx.d" -MT"Core/Src/system_stm32f1xx.o" --specs=nano.specs -mfloat-abi=soft -mthumb -o "Core/Src/system_stm32f1xx.o"
arm-none-eabi-gcc -o "LEDtesting.elf" @"objects.list"   -mcpu=cortex-m3 -T"C:\Users\Usuario\Documents\TESIS2023\SICI2024\LEDtesting\STM32F103C8TX_FLASH.ld" --specs=nosys.specs -Wl,-Map="LEDtesting.map" -Wl,--gc-sections -static --specs=nano.specs -mfloat-abi=soft -mthumb -Wl,--start-group -lc -lm -Wl,--end-group
Finished building target: LEDtesting.elf
 
arm-none-eabi-size   LEDtesting.elf 
arm-none-eabi-objdump -h -S  LEDtesting.elf  > "LEDtesting.list"
   text	   data	    bss	    dec	    hex	filename
  11152	     20	   5212	  16384	   4000	LEDtesting.elf
Finished building: default.size.stdout
 
Finished building: LEDtesting.list
 
19:23:17 **** Incremental Build of configuration Debug for project LEDtesting ****
make -j4 all 
arm-none-eabi-size   LEDtesting.elf 
   text	   data	    bss	    dec	    hex	filename
  11152	     20	   5212	  16384	   4000	LEDtesting.elf
Finished building: default.size.stdout
 
19:23:23 **** Incremental Build of configuration Debug for project LEDtesting ****
make -j4 all 
arm-none-eabi-size   LEDtesting.elf 
   text	   data	    bss	    dec	    hex	filename
  11152	     20	   5212	  16384	   4000	LEDtesting.elf
Finished building: default.size.stdout
 
